// Jest Snapshot v1, https://goo.gl/fbAQLP

exports[`MessageList renders the correct markup 1`] = `
<table class="w-full">
  <thead>
    <tr class="flex border-b text-2xl">
      <th class="pr-3 md:pl-3 text-left font-normal">
        <input type="checkbox" class="form-checkbox">
      </th>
      <th class="flex items-center text-left font-normal pr-2 flex-grow">
        <div class="flex">
          <a href="#" title="Refresh" class="mr-1">
            <refreshicon-stub size="24" class="w-5 h-5"></refreshicon-stub>
          </a>
        </div>
        <div class="flex items-center space-x-2" style="display: none;">
          <a href="#" title="Archive selected">
            <archiveicon-stub size="24" class="w-5 h-5"></archiveicon-stub>
          </a>
          <a href="#" title="Report spam">
            <alerticon-stub size="24" class="w-5 h-5"></alerticon-stub>
          </a>
          <a title="Delete">
            <deleteicon-stub size="24" class="w-5 h-5"></deleteicon-stub>
          </a>
          <a href="#" title="Mark as read">
            <mailicon-stub size="24" class="w-5 h-5"></mailicon-stub>
          </a>
          <a href="#" title="Snooze">
            <clockicon-stub size="24" class="w-5 h-5"></clockicon-stub>
          </a>
        </div>
        <a href="#" title="More" class="mr-1">
          <moreverticalicon-stub size="24" class="w-5 h-5"></moreverticalicon-stub>
        </a>
      </th>
      <th class="msg__col text-left font-normal">
        <a href="#" title="Settings">
          <settingsicon-stub size="24" class="w-5 h-5"></settingsicon-stub>
        </a>
      </th>
    </tr>
  </thead>
  <tbody>
    <tr class="relative group hover:bg-gray-200 hover:shadow cursor-pointer flex flex-col md:flex-row border-b">
      <td class="md:py-2 md:px-3">
        <input type="checkbox" class="form-checkbox" value="[object Object]">
      </td>
      <td class="md:py-2 pr-6">
        sender@example.com
      </td>
      <td class="md:py-2 pr-1 text-black whitespace-no-wrap">
        <span class="mr-1 p-1 bg-gray-400 rounded text-xs capitalize tag-1">
          tag-1
        </span>
        <span class="mr-1 p-1 bg-gray-400 rounded text-xs capitalize tag-2">
          tag-2
        </span>
      </td>
      <td class="md:py-2 pr-4 text-black font-medium xl:flex-no-grow">
        Subject
      </td>
      <td class="md:py-2 hidden xl:block pr-2 flex-grow">
        Message Body...
      </td>
      <td class="md:py-2 pr-2 text-right group-hover:invisible">
        Invalid Date
      </td>
      <td class="invisible group-hover:visible absolute right-0 align-middle pr-2 py-2">
        <a href="#" title="Delete" class="trash">
          <archiveicon-stub size="24" class="w-5 h-5"></archiveicon-stub>
        </a>
        <a href="#" title="Delete" class="trash">
          <deleteicon-stub size="24" class="w-5 h-5"></deleteicon-stub>
        </a>
        <a href="#" title="Mark as unread" class="mark">
          <mailicon-stub size="24" class="w-5 h-5"></mailicon-stub>
        </a>
        <a href="#" title="Snooze" class="snooze">
          <clockicon-stub size="24" class="w-5 h-5"></clockicon-stub>
        </a>
      </td>
    </tr>
  </tbody>
</table>
`;
